C:\Users\ljpca\OneDrive\Documents\Repositorio\velocity\back\src\main\java\com\velocity\back\alquiler\Alquiler.java
C:\Users\ljpca\OneDrive\Documents\Repositorio\velocity\back\src\main\java\com\velocity\back\alquiler\AlquilerRepository.java
C:\Users\ljpca\OneDrive\Documents\Repositorio\velocity\back\src\main\java\com\velocity\back\BackApplication.java
C:\Users\ljpca\OneDrive\Documents\Repositorio\velocity\back\src\main\java\com\velocity\back\bike\Bike.java
C:\Users\ljpca\OneDrive\Documents\Repositorio\velocity\back\src\main\java\com\velocity\back\bike\BikeRepository.java
C:\Users\ljpca\OneDrive\Documents\Repositorio\velocity\back\src\main\java\com\velocity\back\club\Club.java
C:\Users\ljpca\OneDrive\Documents\Repositorio\velocity\back\src\main\java\com\velocity\back\club\ClubRepository.java
C:\Users\ljpca\OneDrive\Documents\Repositorio\velocity\back\src\main\java\com\velocity\back\config\SecurityConfig.java
C:\Users\ljpca\OneDrive\Documents\Repositorio\velocity\back\src\main\java\com\velocity\back\controller\BackController.java
C:\Users\ljpca\OneDrive\Documents\Repositorio\velocity\back\src\main\java\com\velocity\back\event\Event.java
C:\Users\ljpca\OneDrive\Documents\Repositorio\velocity\back\src\main\java\com\velocity\back\event\EventRepository.java
C:\Users\ljpca\OneDrive\Documents\Repositorio\velocity\back\src\main\java\com\velocity\back\features\moduloBicicleta\GestionAlquiler.java
C:\Users\ljpca\OneDrive\Documents\Repositorio\velocity\back\src\main\java\com\velocity\back\features\moduloBicicleta\RegistroBicicleta.java
C:\Users\ljpca\OneDrive\Documents\Repositorio\velocity\back\src\main\java\com\velocity\back\features\moduloEstadistica\EstadisUso.java
C:\Users\ljpca\OneDrive\Documents\Repositorio\velocity\back\src\main\java\com\velocity\back\features\moduloEstadistica\ReportesGobierno.java
C:\Users\ljpca\OneDrive\Documents\Repositorio\velocity\back\src\main\java\com\velocity\back\features\moduloEventos\CreacionEventos.java
C:\Users\ljpca\OneDrive\Documents\Repositorio\velocity\back\src\main\java\com\velocity\back\features\moduloEventos\EdicionEventos.java
C:\Users\ljpca\OneDrive\Documents\Repositorio\velocity\back\src\main\java\com\velocity\back\features\moduloRegistro\GestionClubes.java
C:\Users\ljpca\OneDrive\Documents\Repositorio\velocity\back\src\main\java\com\velocity\back\features\moduloRegistro\RegistroCiclistas.java
C:\Users\ljpca\OneDrive\Documents\Repositorio\velocity\back\src\main\java\com\velocity\back\features\moduloSocial\RedSocial.java
C:\Users\ljpca\OneDrive\Documents\Repositorio\velocity\back\src\main\java\com\velocity\back\features\serviciosComplementarios\ServiciosTerceros.java
C:\Users\ljpca\OneDrive\Documents\Repositorio\velocity\back\src\main\java\com\velocity\back\user\AppUser.java
C:\Users\ljpca\OneDrive\Documents\Repositorio\velocity\back\src\main\java\com\velocity\back\user\UserRepository.java
