com\velocity\back\BackApplication.class
com\velocity\back\club\Club.class
com\velocity\back\features\moduloBicicleta\GestionAlquiler.class
com\velocity\back\features\moduloRegistro\RegistroCiclistas.class
com\velocity\back\alquiler\AlquilerRepository.class
com\velocity\back\features\moduloRegistro\GestionClubes.class
com\velocity\back\club\ClubRepository.class
com\velocity\back\bike\Bike.class
com\velocity\back\config\SecurityConfig.class
com\velocity\back\features\moduloEventos\CreacionEventos.class
com\velocity\back\features\moduloSocial\RedSocial.class
com\velocity\back\bike\BikeRepository.class
com\velocity\back\features\moduloBicicleta\RegistroBicicleta.class
com\velocity\back\controller\BackController.class
com\velocity\back\event\EventRepository.class
com\velocity\back\features\moduloEstadistica\EstadisUso.class
com\velocity\back\features\moduloEstadistica\ReportesGobierno.class
com\velocity\back\features\serviciosComplementarios\ServiciosTerceros.class
com\velocity\back\user\UserRepository.class
com\velocity\back\event\Event.class
com\velocity\back\features\moduloEventos\EdicionEventos.class
com\velocity\back\alquiler\Alquiler.class
com\velocity\back\user\AppUser.class
